

================================================================
== Vivado HLS Report for 'acc_b'
================================================================
* Date:           Tue Mar 08 10:59:51 2016

* Version:        2015.4 (Build 1412921 on Wed Nov 18 09:58:55 AM 2015)
* Project:        acc_b.prj
* Solution:       solution1
* Product family: artix7
* Target device:  xc7a200tfbg676-2


================================================================
== Performance Estimates
================================================================
+ Timing (ns): 
    * Summary: 
    +--------+-------+----------+------------+
    |  Clock | Target| Estimated| Uncertainty|
    +--------+-------+----------+------------+
    |ap_clk  |  10.00|      7.83|        1.25|
    +--------+-------+----------+------------+

+ Latency (clock cycles): 
    * Summary: 
    +-----+-----+-----+-----+---------+
    |  Latency  |  Interval | Pipeline|
    | min | max | min | max |   Type  |
    +-----+-----+-----+-----+---------+
    |    1|    4|    2|    5|   none  |
    +-----+-----+-----+-----+---------+

    + Detail: 
        * Instance: 
        N/A

        * Loop: 
        N/A

============================================================
+ Verbose Summary: Synthesis Manager
============================================================
InlineROM: 1
ExposeGlobal: 0
============================================================
+ Verbose Summary: CDFG Model
============================================================
IsTopModel: 1
ResetActiveHigh: 1
IsCombinational: 0
IsDatapathOnly: 0
HasWiredReturn: 1
HasMFsm: 0
HasVarLatency: 1
IsPipeline: 0
IsRtlPipelined: 0
IsInstanceOverlapped: 0
IsDontTouch: 0
HasImplIP: 0
IsGatedGlobalClock: 0


============================================================
+ Verbose Summary: Schedule
============================================================
* Number of FSM states: 5
* Pipeline: 0
* Dataflow Pipeline: 0

* FSM state transitions: 
1 --> 
	2  / (!b_en_read)
	5  / (b_en_read)
2 --> 
	3  / true
3 --> 
	4  / true
4 --> 
	5  / true
5 --> 
* FSM state operations: 

 <State 1>: 6.51ns
ST_1: stg_6 [1/1] 0.00ns
:0  call void (...)* @_ssdm_op_SpecBitsMap(float %b_in) nounwind, !map !0

ST_1: stg_7 [1/1] 0.00ns
:1  call void (...)* @_ssdm_op_SpecBitsMap(i1 %b_en) nounwind, !map !6

ST_1: stg_8 [1/1] 0.00ns
:2  call void (...)* @_ssdm_op_SpecBitsMap(float 0.000000e+00) nounwind, !map !10

ST_1: stg_9 [1/1] 0.00ns
:3  call void (...)* @_ssdm_op_SpecTopModule([6 x i8]* @acc_b_str) nounwind

ST_1: b_en_read [1/1] 0.00ns
:4  %b_en_read = call i1 @_ssdm_op_Read.ap_auto.i1(i1 %b_en) nounwind

ST_1: b_in_read [1/1] 0.00ns
:5  %b_in_read = call float @_ssdm_op_Read.ap_auto.float(float %b_in) nounwind

ST_1: cnt_load [1/1] 0.00ns
:6  %cnt_load = load float* @cnt, align 4

ST_1: stg_13 [1/1] 1.31ns
:7  br i1 %b_en_read, label %._crit_edge, label %1

ST_1: cnt_assign [5/5] 6.51ns
:0  %cnt_assign = fadd float %cnt_load, %b_in_read


 <State 2>: 6.51ns
ST_2: cnt_assign [4/5] 6.51ns
:0  %cnt_assign = fadd float %cnt_load, %b_in_read


 <State 3>: 6.51ns
ST_3: cnt_assign [3/5] 6.51ns
:0  %cnt_assign = fadd float %cnt_load, %b_in_read


 <State 4>: 6.51ns
ST_4: cnt_assign [2/5] 6.51ns
:0  %cnt_assign = fadd float %cnt_load, %b_in_read


 <State 5>: 7.83ns
ST_5: cnt_assign [1/5] 6.51ns
:0  %cnt_assign = fadd float %cnt_load, %b_in_read

ST_5: stg_19 [1/1] 0.00ns
:1  store float %cnt_assign, float* @cnt, align 4

ST_5: stg_20 [1/1] 1.31ns
:2  br label %._crit_edge

ST_5: cnt_loc [1/1] 0.00ns
._crit_edge:0  %cnt_loc = phi float [ %cnt_load, %0 ], [ %cnt_assign, %1 ]

ST_5: stg_22 [1/1] 0.00ns
._crit_edge:1  ret float %cnt_loc



============================================================
+ Verbose Summary: Binding
============================================================
N/A
* FSMD analyzer results:
  - Output states:
  - Chain level:
	State 1
	State 2
	State 3
	State 4
	State 5


============================================================
+ Verbose Summary: Datapath Resource usage 
============================================================
N/A
